10.500000
42.250000
inf
10.500000
42.250000
1.7976931348623157e+308
